// Jest Snapshot v1, https://goo.gl/fbAQLP

exports[`renders correctly 1`] = `
<div
  className="frame frame0"
  data-active={true}
  data-id={0}
  role="presentation"
>
  <canvas
    className="frame__canvas frame__canvas_active"
    height="90"
    id="frame0"
    onClick={[Function]}
    width="90"
  />
  <span
    className="frame__index"
  >
    1
  </span>
  <button
    className="frame__duplicate"
    type="button"
  >
    <i
      className="fas fa-copy"
    />
  </button>
</div>
`;
