// Jest Snapshot v1, https://goo.gl/fbAQLP

exports[`renders correctly 1`] = `
Array [
  <div
    className="navbar"
  >
    <nav
      className="navbar__content"
    >
      <h1
        className="navbar__logo"
        onClick={[Function]}
        role="presentation"
      >
        <a
          href="/"
        >
          <img
            alt="Pixl logo"
            src="test-file-stub"
          />
          <span>
            Pixl!
          </span>
        </a>
      </h1>
      <div
        className="navbar__info"
      >
        <button
          className="navbar__faq"
          onClick={[Function]}
          type="button"
        >
          <i
            className="fas fa-question"
          />
        </button>
        <div
          className="navbar__tooltip"
        >
          <span>
            Info
          </span>
        </div>
      </div>
      <button
        className="navbar__sign-in-button"
        onClick={[Function]}
        type="button"
      >
        <span>
          Sign in
        </span>
      </button>
    </nav>
  </div>,
  <main
    className="landing-page"
  >
    <div
      className="landing-page__content"
    >
      <div
        className="landing-page__left-section"
      >
        <div
          className="landing-page__description"
        >
          <h2>
            PIXL! - Pixel Art Tool
          </h2>
          <p>
            Create animation in just one step. Almost all kind of tools for drawing, Frame management, Layer management, Primary and secondary color, Configurable canvas, Preview, Export to GIF and much more.
          </p>
        </div>
        <div
          className="landing-page__redactor-screenshot"
        >
          <img
            alt="Redactor screenshot"
            src="test-file-stub"
          />
        </div>
      </div>
      <div
        className="landing-page__right-section"
      >
        <div
          className="landing-page__examples-section"
        >
          <h3>
            Examples
          </h3>
          <p>
            Here are some of the examples of animations that were created in this app.
          </p>
          <div
            className="landing-page__example"
          >
            <img
              alt="gif example"
              src="test-file-stub"
            />
            <img
              alt="gif example"
              src="test-file-stub"
            />
            <img
              alt="gif example"
              src="test-file-stub"
            />
          </div>
        </div>
        <button
          className="landing-page__main-button"
          onClick={[Function]}
          type="button"
        >
          <span>
            Go to app
          </span>
        </button>
      </div>
    </div>
  </main>,
  <footer
    className="footer"
  >
    <div
      className="footer__content"
    >
      <p>
        Developed with
        <span
          aria-label="red heart"
          className="footer__heart"
          role="img"
        >
          ❤️
        </span>
        by
        <a
          href="https://github.com/uniorunr"
          rel="noopener noreferrer"
          target="_blank"
        >
          uniorunr
        </a>
      </p>
    </div>
  </footer>,
]
`;
