// Jest Snapshot v1, https://goo.gl/fbAQLP

exports[`renders correctly 1`] = `
<section
  className="color-select-section"
>
  <div
    className="colors"
  >
    <div>
      <input
        className="colors__input-primary"
        onChange={[Function]}
        type="color"
        value="#000000"
      />
      <div
        className="colors__primary"
        style={
          Object {
            "backgroundColor": "#000000",
          }
        }
      />
    </div>
    <div>
      <input
        className="colors__input-secondary"
        onChange={[Function]}
        type="color"
        value="#ffffff"
      />
      <div
        className="colors__secondary"
        style={
          Object {
            "backgroundColor": "#ffffff",
          }
        }
      />
    </div>
    <button
      className="colors__swap"
      onClick={[Function]}
      type="button"
    >
      <i
        className="fas fa-sync-alt"
      />
    </button>
  </div>
</section>
`;
