// Jest Snapshot v1, https://goo.gl/fbAQLP

exports[`renders correctly 1`] = `
<div
  className="user-info"
>
  <img
    alt="User avatar"
    className="user-info__avatar"
    height={27}
    src="src"
    width={27}
  />
  <button
    className="user-info__sign-out"
    onClick={[Function]}
    type="button"
  >
    <i
      className="fas fa-sign-out-alt"
    />
  </button>
</div>
`;
