// Jest Snapshot v1, https://goo.gl/fbAQLP

exports[`renders correctly 1`] = `
<main
  className="main"
>
  <section>
    <section
      className="tools-section"
    >
      <h2
        className="visually-hidden"
      >
        Tools Section
      </h2>
      <div
        className="tools"
      >
        <button
          className="tools__button tools_state_active"
          data-listener="true"
          id="pen"
          onClick={[Function]}
          onKeyDown={[Function]}
          type="button"
        >
          <i
            className="fas fa-pen"
          />
        </button>
        <button
          className="tools__button"
          data-listener="true"
          id="paint-bucket"
          onClick={[Function]}
          onKeyDown={[Function]}
          type="button"
        >
          <i
            className="fas fa-fill-drip"
          />
        </button>
        <button
          className="tools__button"
          data-listener="true"
          id="paint-same-pixels"
          onClick={[Function]}
          onKeyDown={[Function]}
          type="button"
        >
          <i
            className="fas fa-paint-roller"
          />
        </button>
        <button
          className="tools__button"
          data-listener="true"
          id="choose-color"
          onClick={[Function]}
          onKeyDown={[Function]}
          type="button"
        >
          <i
            className="fas fa-eye-dropper"
          />
        </button>
        <button
          className="tools__button"
          data-listener="true"
          id="eraser"
          onClick={[Function]}
          onKeyDown={[Function]}
          type="button"
        >
          <i
            className="fas fa-eraser"
          />
        </button>
      </div>
    </section>
    <section
      className="color-select-section"
    >
      <div
        className="colors"
      >
        <div>
          <input
            className="colors__input-primary"
            defaultValue="#000000"
            onInput={[Function]}
            type="color"
          />
          <div
            className="colors__primary"
            style={
              Object {
                "backgroundColor": "#000000",
              }
            }
          />
        </div>
        <div>
          <input
            className="colors__input-secondary"
            defaultValue="#ffffff"
            onInput={[Function]}
            type="color"
          />
          <div
            className="colors__secondary"
            style={
              Object {
                "backgroundColor": "#ffffff",
              }
            }
          />
        </div>
      </div>
    </section>
  </section>
  <section
    className="frames-section"
  >
    <div
      className="frame frame0"
      data-active={true}
      data-id={0}
      role="presentation"
    >
      <canvas
        className="frame__canvas frame__canvas_active"
        height="128"
        id="frame0"
        onClick={[Function]}
        width="128"
      />
      <span
        className="frame__index"
      >
        1
      </span>
      <button
        className="frame__duplicate"
        onClick={[Function]}
        type="button"
      >
        <i
          className="fas fa-copy"
        />
      </button>
    </div>
    <button
      className="frames-section__add-frame-button"
      onClick={[Function]}
      type="button"
    >
      <i
        className="fas fa-plus"
      />
      <span>
        Add
      </span>
    </button>
  </section>
  <section
    className="canvas-section"
  >
    <canvas
      className="canvas-section__canvas"
      height={512}
      id="canvas"
      onMouseDown={[Function]}
      onMouseLeave={[Function]}
      onMouseMove={[Function]}
      onMouseUp={[Function]}
      width={512}
    />
  </section>
  <section
    className="preview-section"
  >
    <div
      className="preview"
    >
      <canvas
        className="preview__canvas"
        height="150"
        id="preview-canvas"
        width="150"
      />
      <button
        className="preview__fullscreen-button"
        type="button"
      >
        <i
          className="fas fa-expand"
        />
      </button>
      <div
        className="fps-control"
      >
        <label
          htmlFor="fps-control__input"
        >
          <span />
          <span>
            FPS
          </span>
          <input
            className="fps-control__input"
            id="fps-control__input"
            max="24"
            min="1"
            name="volume"
            onInput={[Function]}
            step="1"
            type="range"
          />
        </label>
      </div>
      <form
        className="canvas-size-controls"
        name="canvas-size-controls"
      >
        <label
          htmlFor="canvas-32"
        >
          32
          <input
            defaultChecked={true}
            id="canvas-32"
            name="radio"
            onChange={[Function]}
            type="radio"
            value="32"
          />
        </label>
        <label
          htmlFor="canvas-64"
        >
          64
          <input
            id="canvas-64"
            name="radio"
            onChange={[Function]}
            type="radio"
            value="64"
          />
        </label>
        <label
          htmlFor="canvas-128"
        >
          128
          <input
            id="canvas-128"
            name="radio"
            onChange={[Function]}
            type="radio"
            value="128"
          />
        </label>
      </form>
    </div>
  </section>
</main>
`;
