// Jest Snapshot v1, https://goo.gl/fbAQLP

exports[`renders correctly 1`] = `
<section
  className="tools-section"
>
  <h2
    className="visually-hidden"
  >
    Tools Section
  </h2>
  <div
    className="tools"
  >
    <button
      className="tools__button tools_state_active"
      data-listener="true"
      id="pen"
      onClick={[Function]}
      onKeyDown={[Function]}
      type="button"
    >
      <i
        className="fas fa-pen"
      />
    </button>
    <button
      className="tools__button"
      data-listener="true"
      id="paint-bucket"
      onClick={[Function]}
      onKeyDown={[Function]}
      type="button"
    >
      <i
        className="fas fa-fill-drip"
      />
    </button>
    <button
      className="tools__button"
      data-listener="true"
      id="paint-same-pixels"
      onClick={[Function]}
      onKeyDown={[Function]}
      type="button"
    >
      <i
        className="fas fa-paint-roller"
      />
    </button>
    <button
      className="tools__button"
      data-listener="true"
      id="choose-color"
      onClick={[Function]}
      onKeyDown={[Function]}
      type="button"
    >
      <i
        className="fas fa-eye-dropper"
      />
    </button>
    <button
      className="tools__button"
      data-listener="true"
      id="eraser"
      onClick={[Function]}
      onKeyDown={[Function]}
      type="button"
    >
      <i
        className="fas fa-eraser"
      />
    </button>
  </div>
</section>
`;
