// Jest Snapshot v1, https://goo.gl/fbAQLP

exports[`renders correctly 1`] = `
<section
  className="canvas-section"
  onContextMenu={[Function]}
>
  <div
    className="canvas-section__wrapper"
  >
    <canvas
      className="canvas-section__canvas"
      height={512}
      id="canvas"
      onMouseDown={[Function]}
      onMouseLeave={[Function]}
      onMouseMove={[Function]}
      onMouseUp={[Function]}
      width={512}
    />
    <canvas
      className="canvas-section__canvas-overlay"
      height={512}
      id="canvas-overlay"
      onMouseDown={[Function]}
      onMouseLeave={[Function]}
      onMouseMove={[Function]}
      onMouseUp={[Function]}
      width={512}
    />
  </div>
  <div
    className="canvas-section__additional-info-wrapper"
  >
    <button
      className="canvas-section__clear-button"
      onClick={[Function]}
      type="button"
    >
      clear
    </button>
    <div
      className="canvas-section__info"
    >
      <span
        className="canvas-section__size"
      >
        size: 64x64
      </span>
      <span
        className="canvas-section__position"
      >
        x: 0  y: 0
      </span>
    </div>
  </div>
</section>
`;
