// Jest Snapshot v1, https://goo.gl/fbAQLP

exports[`renders correctly 1`] = `
<section
  className="frames-section"
>
  <div
    data-react-beautiful-dnd-droppable="0"
  >
    <div
      aria-roledescription="Draggable item. Press space bar to lift"
      className="frame frame0"
      data-active={true}
      data-id={0}
      data-react-beautiful-dnd-drag-handle="0"
      data-react-beautiful-dnd-draggable="0"
      draggable={false}
      onBlur={[Function]}
      onDragStart={[Function]}
      onFocus={[Function]}
      onKeyDown={[Function]}
      onMouseDown={[Function]}
      onTouchStart={[Function]}
      onTransitionEnd={null}
      role="presentation"
      style={
        Object {
          "transform": null,
          "transition": null,
        }
      }
      tabIndex={0}
    >
      <canvas
        className="frame__canvas frame__canvas_active"
        height="128"
        id="frame0"
        onClick={[Function]}
        width="128"
      />
      <span
        className="frame__index"
      >
        1
      </span>
      <button
        className="frame__duplicate"
        onClick={[Function]}
        type="button"
      >
        <i
          className="fas fa-copy"
        />
      </button>
    </div>
  </div>
  <button
    className="frames-section__add-frame-button"
    onClick={[Function]}
    type="button"
  >
    <i
      className="fas fa-plus"
    />
    <span>
      Add
    </span>
  </button>
</section>
`;
